:010000007800
:010001004700
:03000200cd000000
:03000500c3010000
:020300003e0200
:020302003e0800
:020304003e1000
:020306003e0a00
:020308003e0a00
:02030a003e4100
:02030c003e4100
:010400003000
:010401000000
:010402007800
:010403007200
:0304040031040400
:03050a0021000500
:01050d000100
:03050e00f00fab00
:0505110068656c6c6f00
:040516000102030400
:03051a000af00f00
:02051d003e0a00
:020600003e0200
:0306020031020600
:0306050031080600
:020608003e0300
:02060a003e0100
:02060c003e0a00
:02060e003e0200
:020610003e0200
:020612003e0000
:020614003e0200
:020616003e0100
:020618003e0b00
:02061a003e0000
:02061c003e0e00
:02061e003e0200
:00000001FF
